2025-09-29T17:58:42: 
> legal-mass-tort-lead-gen@0.1.0 start
> next start

2025-09-29T17:58:42: 2025-09-29T17:58:43: 
> legal-mass-tort-lead-gen@0.1.0 start
> next start

2025-09-29T17:58:43: 2025-09-29T17:58:43: 
> legal-mass-tort-lead-gen@0.1.0 start
> next start

2025-09-29T17:58:44: 2025-09-29T17:58:44: 
> legal-mass-tort-lead-gen@0.1.0 start
> next start

2025-09-29T17:58:44: 2025-09-29T17:58:45: 
> legal-mass-tort-lead-gen@0.1.0 start
> next start

2025-09-29T17:58:45: 2025-09-29T17:58:45: 
> legal-mass-tort-lead-gen@0.1.0 start
> next start

2025-09-29T17:58:46: 2025-09-29T17:58:46: 
> legal-mass-tort-lead-gen@0.1.0 start
> next start

2025-09-29T17:58:46: 2025-09-29T17:58:47: 
> legal-mass-tort-lead-gen@0.1.0 start
> next start

2025-09-29T17:58:47: 2025-09-29T17:58:47: 
> legal-mass-tort-lead-gen@0.1.0 start
> next start

2025-09-29T17:58:48: 2025-09-29T17:58:48: 
> legal-mass-tort-lead-gen@0.1.0 start
> next start

2025-09-29T17:58:48: 2025-09-29T17:58:49: 
> legal-mass-tort-lead-gen@0.1.0 start
> next start

2025-09-29T17:58:49: 2025-09-29T17:58:49: 
> legal-mass-tort-lead-gen@0.1.0 start
> next start

2025-09-29T17:58:50: 2025-09-29T17:58:50: 
> legal-mass-tort-lead-gen@0.1.0 start
> next start

2025-09-29T17:58:50: 2025-09-29T17:58:51: 
> legal-mass-tort-lead-gen@0.1.0 start
> next start

2025-09-29T17:58:51: 2025-09-29T17:58:51: 
> legal-mass-tort-lead-gen@0.1.0 start
> next start

2025-09-29T17:58:52: 2025-09-29T17:58:52: 
> legal-mass-tort-lead-gen@0.1.0 start
> next start

2025-09-29T17:58:52: 2025-09-29T18:01:19: 
> legal-mass-tort-lead-gen@0.1.0 start
> next start

2025-09-29T18:01:20: 2025-09-29T18:01:20: 
> legal-mass-tort-lead-gen@0.1.0 start
> next start

2025-09-29T18:01:21: 2025-09-29T18:01:21: 
> legal-mass-tort-lead-gen@0.1.0 start
> next start

2025-09-29T18:01:21: 2025-09-29T18:01:21: 
> legal-mass-tort-lead-gen@0.1.0 start
> next start

2025-09-29T18:01:22: 2025-09-29T18:01:22: 2025-09-29T18:01:22: 
> legal-mass-tort-lead-gen@0.1.0 start
> next start

2025-09-29T18:01:22: 2025-09-29T18:01:23: 
> legal-mass-tort-lead-gen@0.1.0 start
> next start

2025-09-29T18:01:23: 2025-09-29T18:01:23: 
> legal-mass-tort-lead-gen@0.1.0 start
> next start

2025-09-29T18:01:24: 2025-09-29T18:01:24: 
> legal-mass-tort-lead-gen@0.1.0 start
> next start

2025-09-29T18:01:24: 2025-09-29T18:01:25: 
> legal-mass-tort-lead-gen@0.1.0 start
> next start

2025-09-29T18:01:25: 2025-09-29T18:01:25: 
> legal-mass-tort-lead-gen@0.1.0 start
> next start

2025-09-29T18:01:26: 2025-09-29T18:01:26: 
> legal-mass-tort-lead-gen@0.1.0 start
> next start

2025-09-29T18:01:27: 2025-09-29T18:01:27: 
> legal-mass-tort-lead-gen@0.1.0 start
> next start

2025-09-29T18:01:27: 2025-09-29T18:01:27: 
> legal-mass-tort-lead-gen@0.1.0 start
> next start

2025-09-29T18:01:28: 2025-09-29T18:01:28: 
> legal-mass-tort-lead-gen@0.1.0 start
> next start

2025-09-29T18:01:29: 2025-09-29T18:01:29: 2025-09-29T18:01:29: 
> legal-mass-tort-lead-gen@0.1.0 start
> next start

2025-09-29T18:01:29: 2025-09-29T18:01:29: 
> legal-mass-tort-lead-gen@0.1.0 start
> next start

2025-09-29T18:01:30: 